[198.74.61.72/themes/preview/ace/index.html]
[backblue.gif]
[fade.gif]
[index.html]
[198.74.61.72/themes/preview/ace/assets/css/bootstrap.min.css]
[198.74.61.72/themes/preview/ace/assets/css/font-awesome.min.css]
[198.74.61.72/themes/preview/ace/assets/css/ace-fonts.css]
[198.74.61.72/themes/preview/ace/assets/css/ace.min.css]
[198.74.61.72/themes/preview/ace/assets/css/ace-rtl.min.css]
[198.74.61.72/themes/preview/ace/assets/css/ace-skins.min.css]
[198.74.61.72/themes/preview/ace/assets/js/ace-extra.min.js]
[198.74.61.72/themes/preview/ace/assets/avatars/avatar.png]
[198.74.61.72/themes/preview/ace/assets/avatars/avatar3.png]
[198.74.61.72/themes/preview/ace/assets/avatars/avatar4.png]
[198.74.61.72/themes/preview/ace/inbox.html]
[198.74.61.72/themes/preview/ace/assets/avatars/user.jpg]
[198.74.61.72/themes/preview/ace/typography.html]
[198.74.61.72/themes/preview/ace/elements.html]
[198.74.61.72/themes/preview/ace/buttons.html]
[198.74.61.72/themes/preview/ace/treeview.html]
[198.74.61.72/themes/preview/ace/jquery-ui.html]
[198.74.61.72/themes/preview/ace/nestable-list.html]
[198.74.61.72/themes/preview/ace/tables.html]
[198.74.61.72/themes/preview/ace/jqgrid.html]
[198.74.61.72/themes/preview/ace/form-elements.html]
[198.74.61.72/themes/preview/ace/form-wizard.html]
[198.74.61.72/themes/preview/ace/wysiwyg.html]
[198.74.61.72/themes/preview/ace/dropzone.html]
[198.74.61.72/themes/preview/ace/widgets.html]
[198.74.61.72/themes/preview/ace/calendar.html]
[198.74.61.72/themes/preview/ace/gallery.html]
[198.74.61.72/themes/preview/ace/profile.html]
[198.74.61.72/themes/preview/ace/pricing.html]
[198.74.61.72/themes/preview/ace/invoice.html]
[198.74.61.72/themes/preview/ace/timeline.html]
[198.74.61.72/themes/preview/ace/login.html]
[198.74.61.72/themes/preview/ace/faq.html]
[198.74.61.72/themes/preview/ace/error-404.html]
[198.74.61.72/themes/preview/ace/error-500.html]
[198.74.61.72/themes/preview/ace/grid.html]
[198.74.61.72/themes/preview/ace/blank.html]
[198.74.61.72/themes/preview/ace/assets/avatars/avatar2.png]
[198.74.61.72/themes/preview/ace/assets/avatars/avatar5.png]
[198.74.61.72/themes/preview/ace/assets/avatars/avatar1.png]
[198.74.61.72/themes/preview/ace/assets/js/jquery-2.0.3.min.js]
[198.74.61.72/themes/preview/ace/assets/js/jquery.mobile.custom.min.js]
[198.74.61.72/themes/preview/ace/assets/js/bootstrap.min.js]
[198.74.61.72/themes/preview/ace/assets/js/typeahead-bs2.min.js]
[198.74.61.72/themes/preview/ace/assets/js/jquery-ui-1.10.3.custom.min.js]
[198.74.61.72/themes/preview/ace/assets/js/jquery.ui.touch-punch.min.js]
[198.74.61.72/themes/preview/ace/assets/js/jquery.slimscroll.min.js]
[198.74.61.72/themes/preview/ace/assets/js/jquery.easy-pie-chart.min.js]
[198.74.61.72/themes/preview/ace/assets/js/jquery.sparkline.min.js]
[198.74.61.72/themes/preview/ace/assets/js/flot/jquery.flot.min.js]
[198.74.61.72/themes/preview/ace/assets/js/flot/jquery.flot.pie.min.js]
[198.74.61.72/themes/preview/ace/assets/js/flot/jquery.flot.resize.min.js]
[198.74.61.72/themes/preview/ace/assets/js/ace-elements.min.js]
[198.74.61.72/themes/preview/ace/index.html]
[198.74.61.72/themes/preview/ace/assets/js/ace.min.js]
[198.74.61.72/themes/preview/ace/assets/fonts/glyphicons-halflings-regular.html]
[198.74.61.72/themes/preview/ace/assets/fonts/glyphicons-halflings-regulard41d.html]
[198.74.61.72/themes/preview/ace/assets/fonts/glyphicons-halflings-regular-2.html]
[198.74.61.72/themes/preview/ace/assets/fonts/glyphicons-halflings-regular-3.html]
[198.74.61.72/themes/preview/ace/assets/css/bootstrap.min.css]
[198.74.61.72/themes/preview/ace/assets/fonts/glyphicons-halflings-regular-4.html]
[198.74.61.72/themes/preview/ace/assets/font/fontawesome-webfontf77b.eot]
[198.74.61.72/themes/preview/ace/assets/font/fontawesome-webfontd41d.eot]
[198.74.61.72/themes/preview/ace/assets/font/fontawesome-webfontf77b.woff]
[198.74.61.72/themes/preview/ace/assets/font/fontawesome-webfontf77b.ttf]
[198.74.61.72/themes/preview/ace/assets/css/font-awesome.min.css]
[198.74.61.72/themes/preview/ace/assets/font/DXI1ORHCpsQm3Vp6mXoaTXhCUOGz7vYGh680lGh-uXM.woff]
[198.74.61.72/themes/preview/ace/assets/font/cJZKeOuBrn4kERxqtaUH3T8E0i7KZn-EPnyo3HZu7kw.woff]
[198.74.61.72/themes/preview/ace/assets/css/ace-fonts.css]
[198.74.61.72/themes/preview/ace/assets/css/ace.min.css]
[198.74.61.72/themes/preview/ace/assets/css/ace-rtl.min.css]
[198.74.61.72/themes/preview/ace/assets/css/ace-skins.min.css]
[198.74.61.72/themes/preview/ace/assets/js/ace-extra.min.js]
[198.74.61.72/themes/preview/ace/assets/images/gallery/thumb-4.jpg]
[198.74.61.72/themes/preview/ace/assets/images/gallery/thumb-3.jpg]
[198.74.61.72/themes/preview/ace/assets/images/gallery/thumb-2.jpg]
[198.74.61.72/themes/preview/ace/assets/images/gallery/thumb-1.jpg]
[198.74.61.72/themes/preview/ace/assets/js/bootstrap-tag.min.js]
[198.74.61.72/themes/preview/ace/assets/js/jquery.hotkeys.min.js]
[198.74.61.72/themes/preview/ace/inbox.html]
[198.74.61.72/themes/preview/ace/assets/js/bootstrap-wysiwyg.min.js]
[198.74.61.72/themes/preview/ace/assets/css/prettify.css]
[198.74.61.72/themes/preview/ace/typography.html]
[198.74.61.72/themes/preview/ace/assets/js/prettify.js]
[198.74.61.72/themes/preview/ace/assets/css/jquery-ui-1.10.3.custom.min.css]
[198.74.61.72/themes/preview/ace/assets/css/jquery.gritter.css]
[198.74.61.72/themes/preview/ace/assets/js/bootbox.min.js]
[198.74.61.72/themes/preview/ace/assets/js/jquery.gritter.min.js]
[198.74.61.72/themes/preview/ace/elements.html]
[198.74.61.72/themes/preview/ace/buttons.html]
[198.74.61.72/themes/preview/ace/assets/js/spin.min.js]
[198.74.61.72/themes/preview/ace/assets/js/fuelux/data/fuelux.tree-sampledata.js]
[198.74.61.72/themes/preview/ace/treeview.html]
[198.74.61.72/themes/preview/ace/assets/js/fuelux/fuelux.tree.min.js]
[198.74.61.72/themes/preview/ace/assets/css/jquery-ui-1.10.3.full.min.css]
[198.74.61.72/themes/preview/ace/jquery-ui.html]
[198.74.61.72/themes/preview/ace/assets/js/jquery-ui-1.10.3.full.min.js]
[198.74.61.72/themes/preview/ace/nestable-list.html]
[198.74.61.72/themes/preview/ace/assets/js/jquery.nestable.min.js]
[198.74.61.72/themes/preview/ace/assets/js/jquery.dataTables.min.js]
[198.74.61.72/themes/preview/ace/tables.html]
[198.74.61.72/themes/preview/ace/assets/js/jquery.dataTables.bootstrap.js]
[198.74.61.72/themes/preview/ace/assets/css/datepicker.css]
[198.74.61.72/themes/preview/ace/assets/css/ui.jqgrid.css]
[198.74.61.72/themes/preview/ace/assets/js/date-time/bootstrap-datepicker.min.js]
[198.74.61.72/themes/preview/ace/jqgrid.html]
[198.74.61.72/themes/preview/ace/assets/js/jqGrid/i18n/grid.locale-en.js]
[198.74.61.72/themes/preview/ace/assets/js/jqGrid/jquery.jqGrid.min.js]
[198.74.61.72/themes/preview/ace/assets/css/chosen.css]
[198.74.61.72/themes/preview/ace/assets/css/bootstrap-timepicker.css]
[198.74.61.72/themes/preview/ace/assets/css/daterangepicker.css]
[198.74.61.72/themes/preview/ace/assets/css/colorpicker.css]
[198.74.61.72/themes/preview/ace/assets/js/chosen.jquery.min.js]
[198.74.61.72/themes/preview/ace/assets/js/fuelux/fuelux.spinner.min.js]
[198.74.61.72/themes/preview/ace/assets/js/date-time/bootstrap-timepicker.min.js]
[198.74.61.72/themes/preview/ace/assets/js/date-time/moment.min.js]
[198.74.61.72/themes/preview/ace/assets/js/date-time/daterangepicker.min.js]
[198.74.61.72/themes/preview/ace/assets/js/bootstrap-colorpicker.min.js]
[198.74.61.72/themes/preview/ace/assets/js/jquery.knob.min.js]
[198.74.61.72/themes/preview/ace/assets/js/jquery.autosize.min.js]
[198.74.61.72/themes/preview/ace/assets/js/jquery.inputlimiter.1.3.1.min.js]
[198.74.61.72/themes/preview/ace/form-elements.html]
[198.74.61.72/themes/preview/ace/assets/js/jquery.maskedinput.min.js]
[198.74.61.72/themes/preview/ace/assets/css/select2.css]
[198.74.61.72/themes/preview/ace/assets/js/fuelux/fuelux.wizard.min.js]
[198.74.61.72/themes/preview/ace/assets/js/jquery.validate.min.js]
[198.74.61.72/themes/preview/ace/assets/js/additional-methods.min.js]
[198.74.61.72/themes/preview/ace/form-wizard.html]
[198.74.61.72/themes/preview/ace/assets/js/select2.min.js]
[198.74.61.72/themes/preview/ace/assets/js/markdown/markdown.min.js]
[198.74.61.72/themes/preview/ace/wysiwyg.html]
[198.74.61.72/themes/preview/ace/assets/js/markdown/bootstrap-markdown.min.js]
[198.74.61.72/themes/preview/ace/assets/css/dropzone.css]
[198.74.61.72/themes/preview/ace/dropzone.html]
[198.74.61.72/themes/preview/ace/widgets.html]
[198.74.61.72/themes/preview/ace/assets/js/dropzone.min.js]
[198.74.61.72/themes/preview/ace/assets/css/fullcalendar.css]
[198.74.61.72/themes/preview/ace/calendar.html]
[198.74.61.72/themes/preview/ace/assets/js/fullcalendar.min.js]
[198.74.61.72/themes/preview/ace/assets/css/colorbox.css]
[198.74.61.72/themes/preview/ace/assets/images/gallery/image-1.jpg]
[198.74.61.72/themes/preview/ace/assets/images/gallery/image-2.jpg]
[198.74.61.72/themes/preview/ace/assets/images/gallery/image-3.jpg]
[198.74.61.72/themes/preview/ace/assets/images/gallery/image-4.jpg]
[198.74.61.72/themes/preview/ace/assets/images/gallery/thumb-5.jpg]
[198.74.61.72/themes/preview/ace/assets/images/gallery/image-5.jpg]
[198.74.61.72/themes/preview/ace/assets/images/gallery/image-6.jpg]
[198.74.61.72/themes/preview/ace/assets/images/gallery/thumb-6.jpg]
[198.74.61.72/themes/preview/ace/gallery.html]
[198.74.61.72/themes/preview/ace/assets/js/jquery.colorbox-min.js]
[198.74.61.72/themes/preview/ace/assets/css/bootstrap-editable.css]
[198.74.61.72/themes/preview/ace/assets/avatars/profile-pic.jpg]
[198.74.61.72/themes/preview/ace/assets/js/x-editable/bootstrap-editable.min.js]
[198.74.61.72/themes/preview/ace/profile.html]
[198.74.61.72/themes/preview/ace/pricing.html]
[198.74.61.72/themes/preview/ace/invoice.html]
[198.74.61.72/themes/preview/ace/timeline.html]
[198.74.61.72/themes/preview/ace/login.html]
[198.74.61.72/themes/preview/ace/faq.html]
[198.74.61.72/themes/preview/ace/error-404.html]
[198.74.61.72/themes/preview/ace/error-500.html]
[198.74.61.72/themes/preview/ace/grid.html]
[198.74.61.72/themes/preview/ace/blank.html]
[198.74.61.72/themes/preview/ace/assets/js/jquery-2.0.3.min.js]
[198.74.61.72/themes/preview/ace/assets/js/jquery.mobile.custom.min.js]
[198.74.61.72/themes/preview/ace/assets/js/x-editable/ace-editable.min.js]
[198.74.61.72/themes/preview/ace/assets/js/bootstrap.min.js]
[198.74.61.72/themes/preview/ace/assets/js/typeahead-bs2.min.js]
[198.74.61.72/themes/preview/ace/assets/js/jquery-ui-1.10.3.custom.min.js]
[198.74.61.72/themes/preview/ace/assets/js/jquery.ui.touch-punch.min.js]
[198.74.61.72/themes/preview/ace/assets/js/jquery.slimscroll.min.js]
[198.74.61.72/themes/preview/ace/assets/js/jquery.easy-pie-chart.min.js]
[198.74.61.72/themes/preview/ace/assets/js/jquery.sparkline.min.js]
[198.74.61.72/themes/preview/ace/assets/js/flot/jquery.flot.min.js]
[198.74.61.72/themes/preview/ace/assets/js/flot/jquery.flot.pie.min.js]
[198.74.61.72/themes/preview/ace/assets/js/flot/jquery.flot.resize.min.js]
[198.74.61.72/themes/preview/ace/assets/js/ace-elements.min.js]
[198.74.61.72/themes/preview/ace/assets/js/ace.min.js]
[198.74.61.72/themes/preview/ace/assets/fonts/glyphicons-halflings-regular.html]
[198.74.61.72/themes/preview/ace/assets/fonts/glyphicons-halflings-regulard41d.html]
[198.74.61.72/themes/preview/ace/assets/fonts/glyphicons-halflings-regular-2.html]
[198.74.61.72/themes/preview/ace/assets/fonts/glyphicons-halflings-regular-3.html]
[198.74.61.72/themes/preview/ace/assets/fonts/glyphicons-halflings-regular-4.html]
[198.74.61.72/themes/preview/ace/assets/font/fontawesome-webfont.svg]
[198.74.61.72/themes/preview/ace/assets/js/bootstrap-tag.min.js]
[198.74.61.72/themes/preview/ace/assets/js/jquery.hotkeys.min.js]
[198.74.61.72/themes/preview/ace/assets/js/bootstrap-wysiwyg.min.js]
[198.74.61.72/themes/preview/ace/assets/css/prettify.css]
[198.74.61.72/themes/preview/ace/assets/js/prettify.js]
[198.74.61.72/themes/preview/ace/assets/css/jquery-ui-1.10.3.custom.min.css]
[198.74.61.72/themes/preview/ace/Popover requires tooltip.html]
[198.74.61.72/themes/preview/ace/assets/images/ie-spacer.html]
[198.74.61.72/themes/preview/ace/assets/images/gritter.html]
[198.74.61.72/themes/preview/ace/assets/css/jquery.gritter.css]
[198.74.61.72/themes/preview/ace/assets/js/bootbox.min.js]
[198.74.61.72/themes/preview/ace/assets/js/jquery.gritter.min.js]
[198.74.61.72/themes/preview/ace/assets/js/spin.min.js]
[198.74.61.72/themes/preview/ace/assets/js/fuelux/data/fuelux.tree-sampledata.js]
[198.74.61.72/themes/preview/ace/assets/js/fuelux/fuelux.tree.min.js]
[198.74.61.72/themes/preview/ace/assets/css/jquery-ui-1.10.3.full.min.css]
[198.74.61.72/themes/preview/ace/assets/js/jquery-ui-1.10.3.full.min.js]
[198.74.61.72/themes/preview/ace/assets/js/jquery.nestable.min.js]
[198.74.61.72/themes/preview/ace/assets/js/jquery.dataTables.min.js]
[198.74.61.72/themes/preview/ace/assets/js/jquery.dataTables.bootstrap.js]
[198.74.61.72/themes/preview/ace/assets/css/datepicker.css]
[198.74.61.72/themes/preview/ace/assets/css/ui.jqgrid.css]
[198.74.61.72/themes/preview/ace/assets/js/date-time/bootstrap-datepicker.min.js]
[198.74.61.72/themes/preview/ace/assets/js/jqGrid/jquery.jqGrid.min.js]
[198.74.61.72/themes/preview/ace/assets/js/jqGrid/i18n/grid.locale-en.js]
[198.74.61.72/themes/preview/ace/assets/images/gritter-light.html]
[198.74.61.72/themes/preview/ace/)===0)G[1]=G[1].substring(1);z=z+G[1].replace(/index.html]
[198.74.61.72/themes/preview/ace/assets/css/chosen-sprite.png]
[198.74.61.72/themes/preview/ace/assets/css/chosen-sprite@2x.png]
[198.74.61.72/themes/preview/ace/assets/css/chosen.css]
[198.74.61.72/themes/preview/ace/assets/css/bootstrap-timepicker.css]
[198.74.61.72/themes/preview/ace/assets/css/daterangepicker.css]
[198.74.61.72/themes/preview/ace/assets/css/img/saturation.png]
[198.74.61.72/themes/preview/ace/assets/css/img/hue.png]
[198.74.61.72/themes/preview/ace/assets/css/img/alpha.png]
[198.74.61.72/themes/preview/ace/assets/css/colorpicker.css]
[198.74.61.72/themes/preview/ace/assets/js/chosen.jquery.min.js]
[198.74.61.72/themes/preview/ace/assets/js/fuelux/fuelux.spinner.min.js]
[198.74.61.72/themes/preview/ace/assets/js/date-time/bootstrap-timepicker.min.js]
[198.74.61.72/themes/preview/ace/assets/js/date-time/moment.min.js]
[198.74.61.72/themes/preview/ace/assets/js/date-time/daterangepicker.min.js]
[198.74.61.72/themes/preview/ace/assets/js/bootstrap-colorpicker.min.js]
[198.74.61.72/themes/preview/ace/assets/js/jquery.knob.min.js]
[198.74.61.72/themes/preview/ace/assets/js/jquery.autosize.min.js]
[198.74.61.72/themes/preview/ace/assets/js/jquery.inputlimiter.1.3.1.min.js]
[198.74.61.72/themes/preview/ace/assets/js/jquery.maskedinput.min.js]
[198.74.61.72/themes/preview/ace/assets/css/select2.png]
[198.74.61.72/themes/preview/ace/assets/css/select2-spinner.gif]
[198.74.61.72/themes/preview/ace/assets/css/select2x2.png]
[198.74.61.72/themes/preview/ace/assets/css/select2.css]
[198.74.61.72/themes/preview/ace/assets/js/fuelux/fuelux.wizard.min.js]
[198.74.61.72/themes/preview/ace/assets/js/jquery.validate.min.js]
[198.74.61.72/themes/preview/ace/assets/js/additional-methods.min.js]
[198.74.61.72/themes/preview/ace/assets/js/select2.min.js]
[198.74.61.72/themes/preview/ace/assets/js/markdown/markdown.min.js]
[198.74.61.72/themes/preview/ace/assets/js/markdown/bootstrap-markdown.min.js]
[198.74.61.72/themes/preview/ace/assets/images/spritemap.png]
[198.74.61.72/themes/preview/ace/assets/images/spritemap@2x.png]
[198.74.61.72/themes/preview/ace/assets/css/dropzone.css]
[198.74.61.72/themes/preview/ace/component-emitter/index.html]
[198.74.61.72/themes/preview/ace/dropzone/index.html]
[198.74.61.72/themes/preview/ace/lib/dropzone.html]
[198.74.61.72/themes/preview/ace/dropzone/lib/dropzone.html]
[198.74.61.72/themes/preview/ace/dropzone/deps/emitter/index.html]
[198.74.61.72/themes/preview/ace/assets/js/dropzone.min.js]
[198.74.61.72/themes/preview/ace/assets/css/fullcalendar.css]
[198.74.61.72/themes/preview/ace/assets/js/fullcalendar.min.js]
[198.74.61.72/themes/preview/ace/emitter/index.html]
[198.74.61.72/themes/preview/ace/assets/css/images/overlay.png]
[198.74.61.72/themes/preview/ace/assets/css/images/controls.png]
[198.74.61.72/themes/preview/ace/assets/css/images/border.png]
[198.74.61.72/themes/preview/ace/assets/css/images/loading_background.png]
[198.74.61.72/themes/preview/ace/assets/css/images/loading.gif]
[198.74.61.72/themes/preview/ace/assets/css/colorbox.css]
[198.74.61.72/themes/preview/ace/assets/js/jquery.colorbox-min.js]
[198.74.61.72/themes/preview/ace/assets/img/loading.gif]
[198.74.61.72/themes/preview/ace/assets/img/clear.png]
[198.74.61.72/themes/preview/ace/assets/css/bootstrap-editable.css]
[198.74.61.72/themes/preview/ace/assets/js/x-editable/bootstrap-editable.min.js]
[198.74.61.72/themes/preview/ace/assets/js/x-editable/ace-editable.min.js]
[198.74.61.72/themes/preview/ace/Popover requires tooltip.html]
[198.74.61.72/themes/preview/ace/assets/images/ie-spacer.html]
[198.74.61.72/themes/preview/ace/assets/images/gritter.html]
[198.74.61.72/themes/preview/ace/assets/images/gritter-light.html]
[198.74.61.72/themes/preview/ace/)===0)G[1]=G[1].substring(1);z=z+G[1].replace(/index.html]
[198.74.61.72/themes/preview/ace/component-emitter/index.html]
[198.74.61.72/themes/preview/ace/dropzone/index.html]
[198.74.61.72/themes/preview/ace/lib/dropzone.html]
[198.74.61.72/themes/preview/ace/dropzone/lib/dropzone.html]
[198.74.61.72/themes/preview/ace/dropzone/deps/emitter/index.html]
[198.74.61.72/themes/preview/ace/emitter/index.html]
